// Jest Snapshot v1, https://goo.gl/fbAQLP

exports[`LoadingIndicator renders correctly 1`] = `<span aria-hidden="true" class="loading-animation loading-animation-sm"></span>`;
